// Jest Snapshot v1, https://goo.gl/fbAQLP

exports[`FaceDetection renders correctly 1`] = `""`;
